// Jest Snapshot v1, https://goo.gl/fbAQLP

exports[`matches the snapshot 1`] = `
<DocumentFragment>
  <div>
    <button
      class="btn btn-link"
      id="genre_28"
    >
      Action
    </button>
  </div>
</DocumentFragment>
`;
